// Bun Snapshot v1, https://bun.sh/docs/test/snapshots

exports[`test should generate help message with program, description, flags and commands 1`] = `
"Usage: mycli

My awesome CLI tool

Options:
  -v, --verbose.           Enable verbose output
  -p, --port <number>      Server port
      --ip                 IPv4 address (e.g., 172.30.100.104)

Commands:
  build                    Build the project
"
`;
